// Jest Snapshot v1, https://goo.gl/fbAQLP

exports[`should match snapshot when providing all fields: errors 1`] = `Array []`;

exports[`should match snapshot when providing all fields: output 1`] = `
ContributionEntity {
  "commentsCount": 0,
  "createdAt": "2020-02-02T20:22:02.000Z",
  "id": "71",
  "labels": Array [
    "discussion",
    "good first issue",
  ],
  "languages": Array [
    "JavaScript",
    "Shell",
  ],
  "project": ProjectReferenceEntity {
    "name": "Leblad",
    "slug": "Leblad",
  },
  "title": "Update the data set",
  "type": "issue",
  "updatedAt": "2020-02-02T20:22:02.000Z",
  "url": "https://github.com/dzcode-io/leblad/issues/71",
}
`;

exports[`should match snapshot when providing required fields only: errors 1`] = `Array []`;

exports[`should match snapshot when providing required fields only: output 1`] = `
ContributionEntity {
  "commentsCount": 0,
  "createdAt": "2020-02-02T20:22:02.000Z",
  "id": "71",
  "labels": Array [
    "discussion",
    "good first issue",
  ],
  "languages": Array [
    "JavaScript",
    "Shell",
  ],
  "project": ProjectReferenceEntity {
    "name": "Leblad",
    "slug": "Leblad",
  },
  "title": "Update the data set",
  "type": "issue",
  "updatedAt": "2020-02-02T20:22:02.000Z",
  "url": "https://github.com/dzcode-io/leblad/issues/71",
}
`;

exports[`should show an error that matches snapshot when passing empty object: errors 1`] = `
Array [
  ValidationError {
    "children": Array [],
    "constraints": Object {
      "isString": "id must be a string",
    },
    "property": "id",
    "target": ContributionEntity {},
    "value": undefined,
  },
  ValidationError {
    "children": Array [],
    "constraints": Object {
      "isString": "title must be a string",
    },
    "property": "title",
    "target": ContributionEntity {},
    "value": undefined,
  },
  ValidationError {
    "children": Array [],
    "constraints": Object {
      "isString": "type must be a string",
    },
    "property": "type",
    "target": ContributionEntity {},
    "value": undefined,
  },
  ValidationError {
    "children": Array [],
    "constraints": Object {
      "isUrl": "url must be an URL address",
    },
    "property": "url",
    "target": ContributionEntity {},
    "value": undefined,
  },
  ValidationError {
    "children": Array [],
    "constraints": Object {
      "isString": "each value in languages must be a string",
    },
    "property": "languages",
    "target": ContributionEntity {},
    "value": undefined,
  },
  ValidationError {
    "children": Array [],
    "constraints": Object {
      "isString": "each value in labels must be a string",
    },
    "property": "labels",
    "target": ContributionEntity {},
    "value": undefined,
  },
  ValidationError {
    "children": Array [],
    "constraints": Object {
      "isDateString": "createdAt must be a valid ISO 8601 date string",
    },
    "property": "createdAt",
    "target": ContributionEntity {},
    "value": undefined,
  },
  ValidationError {
    "children": Array [],
    "constraints": Object {
      "isDateString": "updatedAt must be a valid ISO 8601 date string",
    },
    "property": "updatedAt",
    "target": ContributionEntity {},
    "value": undefined,
  },
  ValidationError {
    "children": Array [],
    "constraints": Object {
      "isNumber": "commentsCount must be a number conforming to the specified constraints",
    },
    "property": "commentsCount",
    "target": ContributionEntity {},
    "value": undefined,
  },
]
`;

exports[`should show an error that matches snapshot when passing empty object: output 1`] = `ContributionEntity {}`;
