// Jest Snapshot v1, https://goo.gl/fbAQLP

exports[`should match snapshot 1`] = `
Array [
  "development",
  "staging",
  "production",
]
`;
