// Jest Snapshot v1, https://goo.gl/fbAQLP

exports[`should match snapshot when providing all fields: errors 1`] = `[]`;

exports[`should match snapshot when providing all fields: output 1`] = `
AccountEntity {
  "id": "20110076",
  "image": "https://api.github.com/users/ZibanPirate.png",
  "link": "https://github.com/ZibanPirate",
  "name": "Zakaria Mansouri",
}
`;

exports[`should match snapshot when providing required fields only: errors 1`] = `[]`;

exports[`should match snapshot when providing required fields only: output 1`] = `
AccountEntity {
  "id": "20110076",
  "image": "https://api.github.com/users/ZibanPirate.png",
  "link": "https://github.com/ZibanPirate",
  "name": "Zakaria Mansouri",
}
`;

exports[`should show an error that matches snapshot when passing empty object: errors 1`] = `
[
  ValidationError {
    "children": [],
    "constraints": {
      "isString": "id must be a string",
    },
    "property": "id",
    "target": AccountEntity {},
    "value": undefined,
  },
  ValidationError {
    "children": [],
    "constraints": {
      "isString": "name must be a string",
    },
    "property": "name",
    "target": AccountEntity {},
    "value": undefined,
  },
  ValidationError {
    "children": [],
    "constraints": {
      "isUrl": "link must be an URL address",
    },
    "property": "link",
    "target": AccountEntity {},
    "value": undefined,
  },
  ValidationError {
    "children": [],
    "constraints": {
      "isUrl": "image must be an URL address",
    },
    "property": "image",
    "target": AccountEntity {},
    "value": undefined,
  },
]
`;

exports[`should show an error that matches snapshot when passing empty object: output 1`] = `AccountEntity {}`;
