// Jest Snapshot v1, https://goo.gl/fbAQLP

exports[`components/footer/footer.spec.tsx should render properly 1`] = `
<div>
  <footer
    class="makeStyles-root-1"
  >
    <div
      class="MuiContainer-root MuiContainer-maxWidthLg"
    >
      <div
        class="MuiGrid-root MuiGrid-container MuiGrid-align-items-xs-flex-start"
      >
        <div
          class="MuiGrid-root MuiGrid-container MuiGrid-spacing-xs-6 MuiGrid-item MuiGrid-grid-xs-12 MuiGrid-grid-md-9"
        >
          <div
            class="MuiGrid-root MuiGrid-container MuiGrid-item MuiGrid-direction-xs-column MuiGrid-grid-xs-12 MuiGrid-grid-md-4"
          >
            <h6
              class="MuiTypography-root makeStyles-categoryTitle-3 MuiTypography-h6"
            >
              Helpful Links
            </h6>
            <a
              href="/"
            >
              <h6
                class="MuiTypography-root makeStyles-linkText-2 MuiTypography-subtitle2"
              >
                Home
              </h6>
            </a>
            <a
              href="/Learn"
            >
              <h6
                class="MuiTypography-root makeStyles-linkText-2 MuiTypography-subtitle2"
              >
                Learn
              </h6>
            </a>
            <a
              href="/Projects"
            >
              <h6
                class="MuiTypography-root makeStyles-linkText-2 MuiTypography-subtitle2"
              >
                Projects
              </h6>
            </a>
            <a
              href="/Articles"
            >
              <h6
                class="MuiTypography-root makeStyles-linkText-2 MuiTypography-subtitle2"
              >
                Articles
              </h6>
            </a>
            <a
              href="/FAQ"
            >
              <h6
                class="MuiTypography-root makeStyles-linkText-2 MuiTypography-subtitle2"
              >
                FAQ
              </h6>
            </a>
          </div>
          <div
            class="MuiGrid-root MuiGrid-container MuiGrid-item MuiGrid-direction-xs-column MuiGrid-grid-xs-12 MuiGrid-grid-md-4"
          >
            <h6
              class="MuiTypography-root makeStyles-categoryTitle-3 MuiTypography-h6"
            >
              Mobile
            </h6>
            <a
              href="/http://localhost:19002"
            >
              <h6
                class="MuiTypography-root makeStyles-linkText-2 MuiTypography-subtitle2"
              >
                Android
              </h6>
            </a>
            <a
              href="/http://localhost:19002"
            >
              <h6
                class="MuiTypography-root makeStyles-linkText-2 MuiTypography-subtitle2"
              >
                iOS
              </h6>
            </a>
            <a
              href="/http://localhost:19002"
            >
              <h6
                class="MuiTypography-root makeStyles-linkText-2 MuiTypography-subtitle2"
              >
                Expo
              </h6>
            </a>
          </div>
          <div
            class="MuiGrid-root MuiGrid-container MuiGrid-item MuiGrid-direction-xs-column MuiGrid-grid-xs-12 MuiGrid-grid-md-4"
          >
            <h6
              class="MuiTypography-root makeStyles-categoryTitle-3 MuiTypography-h6"
            >
              Social Media
            </h6>
            <a
              href="https://www.github.com/dzcode-io"
            >
              <h6
                class="MuiTypography-root makeStyles-linkText-2 MuiTypography-subtitle2"
              >
                Github
              </h6>
            </a>
            <a
              href="https://join.slack.com/t/dzcode/shared_invite/zt-ek9kscb7-m8z_~cBjX79l~uchuABPFQ"
            >
              <h6
                class="MuiTypography-root makeStyles-linkText-2 MuiTypography-subtitle2"
              >
                Slack
              </h6>
            </a>
            <a
              href="https://www.facebook.com/dzcode.io"
            >
              <h6
                class="MuiTypography-root makeStyles-linkText-2 MuiTypography-subtitle2"
              >
                Facebook
              </h6>
            </a>
            <a
              href="https://www.instagram.com/dzcode.io"
            >
              <h6
                class="MuiTypography-root makeStyles-linkText-2 MuiTypography-subtitle2"
              >
                Instagram
              </h6>
            </a>
            <a
              href="https://www.youtube.com/channel/UC_tLjuQaYotzERtaAo8Y4SQ"
            >
              <h6
                class="MuiTypography-root makeStyles-linkText-2 MuiTypography-subtitle2"
              >
                YouTube
              </h6>
            </a>
            <a
              href="https://twitter.com/dzcode_io"
            >
              <h6
                class="MuiTypography-root makeStyles-linkText-2 MuiTypography-subtitle2"
              >
                Twitter
              </h6>
            </a>
            <a
              href="https://www.linkedin.com/groups/8924363"
            >
              <h6
                class="MuiTypography-root makeStyles-linkText-2 MuiTypography-subtitle2"
              >
                LinkedIn
              </h6>
            </a>
          </div>
        </div>
        <div
          class="MuiGrid-root makeStyles-contactDetails-4 MuiGrid-item MuiGrid-grid-xs-12 MuiGrid-grid-md-3"
        >
          <h6
            class="MuiTypography-root makeStyles-categoryTitle-3 MuiTypography-h6"
          >
            Contact Information
          </h6>
          <a
            href="tel:+21367-626-1157"
          >
            <p
              class="MuiTypography-root makeStyles-linkText-2 MuiTypography-body1"
            >
              +213 06-76-26-11-57
            </p>
          </a>
          <a
            href="mailto:contact@dzcode.io"
          >
            <p
              class="MuiTypography-root makeStyles-linkText-2 MuiTypography-body1"
            >
              contact@dzcode.io
            </p>
          </a>
          <p
            class="MuiTypography-root makeStyles-linkText-2 MuiTypography-body1"
          >
            Copyright Â© 
            2021 
            <a
              href="https://twitter.com/dzcode_io"
            >
              @dzCode_io
            </a>
          </p>
        </div>
      </div>
    </div>
  </footer>
</div>
`;
