// Jest Snapshot v1, https://goo.gl/fbAQLP

exports[`should match snapshot when providing all fields: errors 1`] = `[]`;

exports[`should match snapshot when providing all fields: output 1`] = `
ArticleEntity {
  "authors": [],
  "content": "test-content",
  "contributors": [],
  "description": "test-description",
  "id": "learn/Getting_Started",
  "image": "https://images.unsplash.com/photo-1520338661084-680395057c93?ixlib=rb-1.2.1&ixid=eyJhcHBfaWQiOjEyMDd9&auto=formatfit=crop&w=800&q=100",
  "title": "Getting Started",
}
`;

exports[`should match snapshot when providing required fields only: errors 1`] = `[]`;

exports[`should match snapshot when providing required fields only: output 1`] = `
ArticleEntity {
  "authors": [],
  "content": "test-content",
  "contributors": [],
  "description": "test-description",
  "id": "learn/Getting_Started",
  "image": "https://images.unsplash.com/photo-1520338661084-680395057c93?ixlib=rb-1.2.1&ixid=eyJhcHBfaWQiOjEyMDd9&auto=formatfit=crop&w=800&q=100",
  "title": "Getting Started",
}
`;

exports[`should show an error that matches snapshot when passing empty object: errors 1`] = `
[
  ValidationError {
    "children": [],
    "constraints": {
      "isString": "id must be a string",
    },
    "property": "id",
    "target": ArticleEntity {},
    "value": undefined,
  },
  ValidationError {
    "children": [],
    "constraints": {
      "isString": "image must be a string",
    },
    "property": "image",
    "target": ArticleEntity {},
    "value": undefined,
  },
  ValidationError {
    "children": [],
    "constraints": {
      "isString": "title must be a string",
    },
    "property": "title",
    "target": ArticleEntity {},
    "value": undefined,
  },
  ValidationError {
    "children": [],
    "constraints": {
      "isString": "description must be a string",
    },
    "property": "description",
    "target": ArticleEntity {},
    "value": undefined,
  },
  ValidationError {
    "children": [],
    "constraints": {
      "isString": "content must be a string",
    },
    "property": "content",
    "target": ArticleEntity {},
    "value": undefined,
  },
]
`;

exports[`should show an error that matches snapshot when passing empty object: output 1`] = `ArticleEntity {}`;
